// Jest Snapshot v1, https://goo.gl/fbAQLP

exports[`Test SettingsSlider component should match snapshot 1`] = `
Object {
  "asFragment": [Function],
  "baseElement": <body>
    <div>
      <div
        class="makeStyles-setting-2"
      >
        <p
          class="MuiTypography-root makeStyles-label-3 MuiTypography-body2"
        >
          width
        </p>
        <span
          class="MuiSlider-root MuiSlider-colorPrimary"
        >
          <span
            class="MuiSlider-rail"
          />
          <span
            class="MuiSlider-track"
            style="left: 0%; width: 50%;"
          />
          <input
            type="hidden"
            value="20"
          />
          <span
            class="MuiSlider-mark MuiSlider-markActive"
            style="left: 0%;"
          />
          <span
            aria-hidden="true"
            class="MuiSlider-markLabel MuiSlider-markLabelActive"
            style="left: 0%;"
          />
          <span
            class="MuiSlider-mark"
            style="left: 100%;"
          />
          <span
            aria-hidden="true"
            class="MuiSlider-markLabel"
            style="left: 100%;"
          />
          <span
            aria-orientation="horizontal"
            aria-valuemax="25"
            aria-valuemin="15"
            aria-valuenow="20"
            class="MuiSlider-thumb MuiSlider-thumbColorPrimary PrivateValueLabel-thumb-54"
            data-index="0"
            role="slider"
            style="left: 50%;"
            tabindex="0"
          >
            <span
              class="PrivateValueLabel-offset-56 MuiSlider-valueLabel"
            >
              <span
                class="PrivateValueLabel-circle-57"
              >
                <span
                  class="PrivateValueLabel-label-58"
                >
                  20
                </span>
              </span>
            </span>
          </span>
        </span>
      </div>
    </div>
  </body>,
  "container": <div>
    <div
      class="makeStyles-setting-2"
    >
      <p
        class="MuiTypography-root makeStyles-label-3 MuiTypography-body2"
      >
        width
      </p>
      <span
        class="MuiSlider-root MuiSlider-colorPrimary"
      >
        <span
          class="MuiSlider-rail"
        />
        <span
          class="MuiSlider-track"
          style="left: 0%; width: 50%;"
        />
        <input
          type="hidden"
          value="20"
        />
        <span
          class="MuiSlider-mark MuiSlider-markActive"
          style="left: 0%;"
        />
        <span
          aria-hidden="true"
          class="MuiSlider-markLabel MuiSlider-markLabelActive"
          style="left: 0%;"
        />
        <span
          class="MuiSlider-mark"
          style="left: 100%;"
        />
        <span
          aria-hidden="true"
          class="MuiSlider-markLabel"
          style="left: 100%;"
        />
        <span
          aria-orientation="horizontal"
          aria-valuemax="25"
          aria-valuemin="15"
          aria-valuenow="20"
          class="MuiSlider-thumb MuiSlider-thumbColorPrimary PrivateValueLabel-thumb-54"
          data-index="0"
          role="slider"
          style="left: 50%;"
          tabindex="0"
        >
          <span
            class="PrivateValueLabel-offset-56 MuiSlider-valueLabel"
          >
            <span
              class="PrivateValueLabel-circle-57"
            >
              <span
                class="PrivateValueLabel-label-58"
              >
                20
              </span>
            </span>
          </span>
        </span>
      </span>
    </div>
  </div>,
  "debug": [Function],
  "findAllByAltText": [Function],
  "findAllByDisplayValue": [Function],
  "findAllByLabelText": [Function],
  "findAllByPlaceholderText": [Function],
  "findAllByRole": [Function],
  "findAllByTestId": [Function],
  "findAllByText": [Function],
  "findAllByTitle": [Function],
  "findByAltText": [Function],
  "findByDisplayValue": [Function],
  "findByLabelText": [Function],
  "findByPlaceholderText": [Function],
  "findByRole": [Function],
  "findByTestId": [Function],
  "findByText": [Function],
  "findByTitle": [Function],
  "getAllByAltText": [Function],
  "getAllByDisplayValue": [Function],
  "getAllByLabelText": [Function],
  "getAllByPlaceholderText": [Function],
  "getAllByRole": [Function],
  "getAllByTestId": [Function],
  "getAllByText": [Function],
  "getAllByTitle": [Function],
  "getByAltText": [Function],
  "getByDisplayValue": [Function],
  "getByLabelText": [Function],
  "getByPlaceholderText": [Function],
  "getByRole": [Function],
  "getByTestId": [Function],
  "getByText": [Function],
  "getByTitle": [Function],
  "queryAllByAltText": [Function],
  "queryAllByDisplayValue": [Function],
  "queryAllByLabelText": [Function],
  "queryAllByPlaceholderText": [Function],
  "queryAllByRole": [Function],
  "queryAllByTestId": [Function],
  "queryAllByText": [Function],
  "queryAllByTitle": [Function],
  "queryByAltText": [Function],
  "queryByDisplayValue": [Function],
  "queryByLabelText": [Function],
  "queryByPlaceholderText": [Function],
  "queryByRole": [Function],
  "queryByTestId": [Function],
  "queryByText": [Function],
  "queryByTitle": [Function],
  "rerender": [Function],
  "unmount": [Function],
}
`;
